[2026-01-25T15:11:58.904Z] GET /admin/notifications/my - 304 (13ms)
[2026-01-25T15:12:08.318Z] GET /admin/notifications/my - 304 (2ms)
[2026-01-25T15:13:07.574Z] GET /admin/notifications/my - 304 (14ms)
[2026-01-25T15:13:17.915Z] GET /admin/notifications/my - 304 (16ms)
[2026-01-25T15:13:28.336Z] PUT /exams/b86611c4-cbe7-479e-803c-65b41f574533/publish - 200 (41ms)
[2026-01-25T15:13:39.880Z] GET /admin/notifications/my - 304 (14ms)
[2026-01-25T15:13:39.931Z] GET /admin/notifications/my - 304 (2ms)
[2026-01-25T15:13:44.739Z] GET /passes/current - 200 (6ms)
[2026-01-25T15:13:44.752Z] GET /exams/user/stats - 304 (17ms)
[2026-01-25T15:13:44.757Z] GET /exams/user/recent - 304 (21ms)
[2026-01-25T15:13:44.779Z] GET /passes/current - 200 (4ms)
[2026-01-25T15:13:44.781Z] GET /exams/user/stats - 304 (4ms)
[2026-01-25T15:13:44.791Z] GET /exams/user/recent - 304 (7ms)
[2026-01-25T15:13:47.340Z] GET /exams?type=real_exam - 304 (15ms)
[2026-01-25T15:13:47.410Z] GET /exams?type=real_exam - 304 (10ms)
[2026-01-25T15:13:50.071Z] GET /admin/notifications/my - 304 (3ms)
[2026-01-25T15:13:50.073Z] GET /passes/current - 200 (4ms)
[2026-01-25T15:13:50.081Z] GET /exams/user/stats - 304 (6ms)
[2026-01-25T15:13:50.083Z] GET /exams/user/recent - 304 (7ms)
[2026-01-25T15:13:50.088Z] GET /admin/notifications/my - 304 (3ms)
[2026-01-25T15:13:50.097Z] GET /passes/current - 200 (2ms)
[2026-01-25T15:13:50.181Z] GET /exams/user/stats - 304 (7ms)
[2026-01-25T15:13:50.183Z] GET /exams/user/recent - 304 (7ms)
[2026-01-25T15:13:54.880Z] GET /exams?type=real_exam - 304 (8ms)
[2026-01-25T15:13:54.902Z] GET /exams?type=real_exam - 304 (7ms)
[2026-01-25T15:13:54.948Z] GET /admin/notifications/my - 304 (3ms)
[2026-01-25T15:13:56.589Z] GET /admin/notifications/my - 304 (2ms)
[2026-01-25T15:13:56.598Z] GET /exams?type=real_exam - 304 (10ms)
[2026-01-25T15:13:56.788Z] GET /exams?type=real_exam - 304 (9ms)
[2026-01-25T15:14:02.697Z] GET /admin/notifications/my - 304 (2ms)
[2026-01-25T15:14:02.708Z] GET /admin/notifications/my - 304 (2ms)
[2026-01-25T15:14:13.256Z] GET /passes/current - 304 (15ms)
[2026-01-25T15:14:13.258Z] GET /exams/user/stats - 304 (15ms)
[2026-01-25T15:14:13.263Z] GET /exams/user/recent - 304 (14ms)
[2026-01-25T15:14:13.274Z] GET /exams/user/stats - 304 (3ms)
[2026-01-25T15:14:13.275Z] GET /passes/current - 304 (5ms)
[2026-01-25T15:14:13.281Z] GET /exams/user/recent - 304 (5ms)
[2026-01-25T15:15:03.141Z] GET /admin/notifications/my - 304 (17ms)
[2026-01-25T16:31:41.746Z] POST /auth/login - 200 (161ms)
[2026-01-25T16:31:43.168Z] GET /analytics/overview - 200 (25ms)
[2026-01-25T16:31:43.179Z] GET /analytics/overview - 304 (4ms)
[2026-01-25T16:31:43.515Z] GET /admin/system/health - 200 (1ms)
[2026-01-25T16:31:43.519Z] GET /admin/system/api-usage - 200 (1ms)
[2026-01-25T16:31:43.766Z] GET /admin/system/health - 200 (1ms)
[2026-01-25T16:31:43.831Z] GET /admin/system/api-usage - 304 (2ms)
[2026-01-25T16:31:49.424Z] GET /users - 200 (4ms)
[2026-01-25T16:31:49.588Z] GET /users - 304 (3ms)
[2026-01-25T16:32:12.945Z] GET /exams - 200 (35ms)
[2026-01-25T16:32:12.962Z] GET /exams - 304 (9ms)
[2026-01-25T16:32:16.573Z] GET /exams/hierarchy?type=question_bank - 304 (12ms)
[2026-01-25T16:32:16.679Z] GET /exams/hierarchy?type=question_bank - 304 (8ms)
[2026-01-25T16:32:54.612Z] GET /exams/questions/global - 304 (59ms)
[2026-01-25T16:32:54.633Z] GET /exams/questions/global - 304 (15ms)
[2026-01-25T16:33:35.375Z] GET /exams/hierarchy?type=question_bank - 304 (22ms)
[2026-01-25T16:33:35.567Z] GET /exams/hierarchy?type=question_bank - 304 (8ms)
[2026-01-25T16:33:38.217Z] GET /admin/exams - 404: "Cannot GET /admin/exams"
[2026-01-25T16:33:38.221Z] GET /admin/exams - 404 (5ms)
[2026-01-25T16:33:38.336Z] GET /admin/exams - 404: "Cannot GET /admin/exams"
[2026-01-25T16:33:38.339Z] GET /admin/exams - 404 (4ms)
[2026-01-25T16:33:40.665Z] GET /exams - 304 (7ms)
[2026-01-25T16:33:40.679Z] GET /exams - 304 (9ms)
[2026-01-25T17:23:13.077Z] GET /analytics/overview - 304 (100ms)
[2026-01-25T17:23:13.170Z] GET /analytics/overview - 304 (3ms)
[2026-01-25T17:23:13.416Z] GET /admin/system/health - 200 (4ms)
[2026-01-25T17:23:13.436Z] GET /admin/system/api-usage - 304 (1ms)
[2026-01-25T17:23:13.456Z] GET /admin/system/health - 200 (2ms)
[2026-01-25T17:23:13.763Z] GET /admin/system/api-usage - 304 (1ms)
[2026-01-25T17:23:20.358Z] GET /admin/exams - 404: "Cannot GET /admin/exams"
[2026-01-25T17:23:20.360Z] GET /admin/exams - 404 (3ms)
[2026-01-25T17:23:20.368Z] GET /admin/exams - 404: "Cannot GET /admin/exams"
[2026-01-25T17:23:20.370Z] GET /admin/exams - 404 (3ms)
[2026-01-25T17:23:21.274Z] GET /exams/questions/global - 304 (32ms)
[2026-01-25T17:23:21.474Z] GET /exams/questions/global - 304 (17ms)
[2026-01-25T17:23:23.154Z] GET /exams/hierarchy?type=question_bank - 304 (16ms)
[2026-01-25T17:23:23.484Z] GET /exams/hierarchy?type=question_bank - 304 (13ms)
[2026-01-25T17:23:30.935Z] GET /exams?type=previous_year_paper - 200 (16ms)
[2026-01-25T17:23:30.950Z] GET /exams?type=previous_year_paper - 304 (8ms)
[2026-01-25T17:23:43.632Z] GET /exams - 304 (42ms)
[2026-01-25T17:23:43.658Z] GET /exams - 304 (14ms)
[2026-01-25T17:23:52.904Z] GET /exams?type=previous_year_paper - 304 (11ms)
[2026-01-25T17:23:52.920Z] GET /exams?type=previous_year_paper - 304 (8ms)
[2026-01-25T17:24:03.949Z] GET /admin/notifications/my - 304 (27ms)
[2026-01-25T17:24:03.951Z] GET /exams/97762c7e-ce76-40aa-af28-dcf8f2895469/my-attempts - 200 (33ms)
[2026-01-25T17:24:04.244Z] GET /exams/97762c7e-ce76-40aa-af28-dcf8f2895469 - 304 (17ms)
[2026-01-25T17:24:04.270Z] GET /admin/notifications/my - 304 (6ms)
[2026-01-25T17:24:04.277Z] GET /exams/97762c7e-ce76-40aa-af28-dcf8f2895469/my-attempts - 304 (11ms)
[2026-01-25T17:24:04.564Z] GET /exams/97762c7e-ce76-40aa-af28-dcf8f2895469 - 304 (3ms)
[2026-01-25T17:24:14.454Z] GET /exams?type=previous_year_paper - 304 (28ms)
[2026-01-25T17:24:14.696Z] GET /exams?type=previous_year_paper - 304 (9ms)
[2026-01-25T17:24:15.561Z] GET /exams - 304 (11ms)
[2026-01-25T17:24:15.894Z] GET /exams - 304 (10ms)
[2026-01-25T17:24:19.616Z] GET /admin/exams - 404: "Cannot GET /admin/exams"
[2026-01-25T17:24:19.618Z] GET /admin/exams - 404 (3ms)
[2026-01-25T17:24:19.933Z] GET /admin/exams - 404: "Cannot GET /admin/exams"
[2026-01-25T17:24:19.936Z] GET /admin/exams - 404 (3ms)
[2026-01-25T17:24:22.222Z] GET /exams/questions/global - 304 (35ms)
[2026-01-25T17:24:22.389Z] GET /exams/questions/global - 304 (19ms)
[2026-01-25T17:24:23.310Z] GET /exams?type=previous_year_paper - 304 (8ms)
[2026-01-25T17:24:23.625Z] GET /exams?type=previous_year_paper - 304 (6ms)
[2026-01-25T17:24:59.915Z] GET /exams - 304 (38ms)
[2026-01-25T17:25:00.084Z] GET /exams - 304 (10ms)
[2026-01-25T17:25:08.867Z] GET /admin/exams - 404: "Cannot GET /admin/exams"
[2026-01-25T17:25:08.871Z] GET /admin/exams - 404 (4ms)
[2026-01-25T17:25:09.184Z] GET /admin/exams - 404: "Cannot GET /admin/exams"
[2026-01-25T17:25:09.187Z] GET /admin/exams - 404 (3ms)
[2026-01-25T17:25:11.000Z] GET /exams - 304 (29ms)
[2026-01-25T17:25:11.244Z] GET /exams - 304 (8ms)
